app/api/chat/route.ts(94,8): error TS2769: No overload matches this call.
  Overload 1 of 2, '(values: never, options?: { count?: "exact" | "planned" | "estimated" | undefined; } | undefined): PostgrestFilterBuilder<{ PostgrestVersion: "12"; }, never, never, null, "chat_messages", never, "POST">', gave the following error.
    Argument of type '{ user_id: number; message_text: string; sender_type: "User"; timestamp: string; }' is not assignable to parameter of type 'never'.
  Overload 2 of 2, '(values: never[], options?: { count?: "exact" | "planned" | "estimated" | undefined; defaultToNull?: boolean | undefined; } | undefined): PostgrestFilterBuilder<{ PostgrestVersion: "12"; }, never, never, null, "chat_messages", never, "POST">', gave the following error.
    Object literal may only specify known properties, and 'user_id' does not exist in type 'never[]'.
app/api/chat/route.ts(257,8): error TS2769: No overload matches this call.
  Overload 1 of 2, '(values: never, options?: { count?: "exact" | "planned" | "estimated" | undefined; } | undefined): PostgrestFilterBuilder<{ PostgrestVersion: "12"; }, never, never, null, "chat_messages", never, "POST">', gave the following error.
    Argument of type '{ user_id: number; message_text: string; sender_type: "Bot"; timestamp: string; }' is not assignable to parameter of type 'never'.
  Overload 2 of 2, '(values: never[], options?: { count?: "exact" | "planned" | "estimated" | undefined; defaultToNull?: boolean | undefined; } | undefined): PostgrestFilterBuilder<{ PostgrestVersion: "12"; }, never, never, null, "chat_messages", never, "POST">', gave the following error.
    Object literal may only specify known properties, and 'user_id' does not exist in type 'never[]'.
